locals {
  hvn_region      = "westus2"
  hvn_id          = "consul-quickstart-1634271483588-hvn"
  cluster_id      = "consul-quickstart-1634271483588"
  subscription_id = "26310ff2-35ad-4839-83fb-0f82f258779f"
  vnet_rg_name    = "myvnetresourcegroup"
  vnet_id         = "/subscriptions/26310ff2-35ad-4839-83fb-0f82f258779f/resourceGroups/myvnetresourcegroup/providers/Microsoft.Network/virtualNetworks/myvnetname"
  subnet_name     = "/subscriptions/26310ff2-35ad-4839-83fb-0f82f258779f/resourceGroups/myvnetresourcegroup/providers/Microsoft.Network/virtualNetworks/myvnetname/subnets/mysubnetname"
}


terraform {
  required_providers {
    azurerm = {
      source  = "hashicorp/azurerm"
      version = "~> 2.65"
    }
    azuread = {
      source  = "hashicorp/azuread"
      version = "~> 2.14"
    }
    hcp = {
      source  = "hashicorp/hcp"
      version = ">= 0.23.1"
    }
  }

  required_version = ">= 1.0.11"

}

provider "azurerm" {
  features {}
}

provider "azuread" {}

provider "hcp" {}

provider "consul" {
  address    = hcp_consul_cluster.main.consul_public_endpoint_url
  datacenter = hcp_consul_cluster.main.datacenter
  token      = hcp_consul_cluster_root_token.token.secret_id
}

data "azurerm_subscription" "current" {}

data "azurerm_resource_group" "rg" {
  name = local.vnet_rg_name
}

resource "azurerm_network_security_group" "nsg" {
  name                = "${local.cluster_id}-nsg"
  resource_group_name = data.azurerm_resource_group.rg.name
  location            = data.azurerm_resource_group.rg.location
}

resource "hcp_hvn" "hvn" {
  hvn_id         = local.hvn_id
  cloud_provider = "azure"
  region         = local.hvn_region
  cidr_block     = "172.25.32.0/20"
}

module "hcp_peering" {
  source = "../../"
  # Required
  tenant_id       = data.azurerm_subscription.current.tenant_id
  subscription_id = data.azurerm_subscription.current.subscription_id
  hvn             = hcp_hvn.hvn
  vnet_rg         = data.azurerm_resource_group.rg.name
  vnet_id         = local.vnet_id
  subnet_ids      = [local.subnet_id]
  prefix          = local.cluster_id

  # Optional
  security_group_names = [azurerm_network_security_group.nsg.name]
}

resource "hcp_consul_cluster" "main" {
  cluster_id      = local.cluster_id
  hvn_id          = hcp_hvn.hvn.hvn_id
  public_endpoint = true
  tier            = "development"
}

resource "hcp_consul_cluster_root_token" "token" {
  cluster_id = hcp_consul_cluster.main.id
}

module "vm_client" {
  source = "../../modules/hcp-vm-client"

  resource_group = data.azurerm_resource_group.rg.name
  location       = data.azurerm_resource_group.rg.location

  nsg_name                 = azurerm_network_security_group.nsg.name
  allowed_ssh_cidr_blocks  = ["0.0.0.0/0"]
  allowed_http_cidr_blocks = ["0.0.0.0/0"]
  subnet_id                = local.subnet_id

  client_config_file = hcp_consul_cluster.main.consul_config_file
  client_ca_file     = hcp_consul_cluster.main.consul_ca_file
  root_token         = hcp_consul_cluster_root_token.token.secret_id
  consul_version     = hcp_consul_cluster.main.consul_version
}

resource "consul_config_entry" "service_intentions_db" {
  name = "product-db"
  kind = "service-intentions"

  config_json = jsonencode({
    Sources = [
      {
        Action     = "allow"
        Name       = "product-api"
        Precedence = 9
        Type       = "consul"
      },
    ]
  })
}

resource "consul_config_entry" "service_intentions_product" {
  name = "product-api"
  kind = "service-intentions"

  config_json = jsonencode({
    Sources = [
      {
        Action     = "allow"
        Name       = "product-public-api"
        Precedence = 9
        Type       = "consul"
      },
    ]
  })
}

resource "consul_config_entry" "service_intentions_payment" {
  name = "payment-api"
  kind = "service-intentions"

  config_json = jsonencode({
    Sources = [
      {
        Action     = "allow"
        Name       = "product-public-api"
        Precedence = 9
        Type       = "consul"
      },
    ]
  })
}

resource "consul_config_entry" "service_intentions_public_api" {
  name = "product-public-api"
  kind = "service-intentions"

  config_json = jsonencode({
    Sources = [
      {
        Action     = "allow"
        Name       = "frontend"
        Precedence = 9
        Type       = "consul"
      },
    ]
  })
}

output "consul_root_token" {
  value     = hcp_consul_cluster_root_token.token.secret_id
  sensitive = true
}

output "consul_url" {
  value = hcp_consul_cluster.main.consul_public_endpoint_url
}

output "nomad_url" {
  value = "http://${module.vm_client.public_ip}:8081"
}

output "hashicups_url" {
  value = "http://${module.vm_client.public_ip}"
}

output "next_steps" {
  value = "Hashicups Application will be ready in ~2 minutes. Use 'terraform output consul_root_token' to retrieve the root token."
}
